TYPE SIGNATURES
  foo :: Sing 'A
TYPE CONSTRUCTORS
  data type MyKind{0} :: *
  data family Sing{2} :: forall k. k -> *
    roles nominal nominal
COERCION AXIOMS
  axiom DataFamilyInstanceLHS.D:R:SingMyKindw0 ::
      Sing = DataFamilyInstanceLHS.R:SingMyKindw
DATA CONSTRUCTORS
  A :: MyKind
  B :: MyKind
  SingA :: Sing 'A
  SingB :: Sing 'B
FAMILY INSTANCES
  data instance Sing w -- Defined at DataFamilyInstanceLHS.hs:8:15
Dependent modules: []
Dependent packages: [base-4.12.0.0, ghc-prim-0.5.3,
                     integer-gmp-1.0.2.0]
