
T10463.hs:5:9: warning: [-Wpartial-type-signatures (in -Wdefault)]
    • Found type wildcard ‘_’ standing for ‘[Char]’
    • In the type ‘_’
      In a pattern type signature: _
      In the pattern: x :: _
    • Relevant bindings include
        f :: [Char] -> [Char] (bound at T10463.hs:5:1)
