TYPE SIGNATURES
  foo :: F Int Char -> Int
TYPE CONSTRUCTORS
  type family F{2} :: * -> * -> *
    roles nominal nominal
COERCION AXIOMS
  axiom TypeFamilyInstanceLHS.D:R:FBoolw :: F Bool w = Bool
  axiom TypeFamilyInstanceLHS.D:R:FIntw :: F Int w = Int
FAMILY INSTANCES
  type instance F Int w = Int
                  -- Defined at TypeFamilyInstanceLHS.hs:7:15
  type instance F Bool w = Bool
                  -- Defined at TypeFamilyInstanceLHS.hs:8:15
Dependent modules: []
Dependent packages: [base-4.12.0.0, ghc-prim-0.5.3,
                     integer-gmp-1.0.2.0]
